// Jest Snapshot v1, https://goo.gl/fbAQLP

exports[`Home renders correctly 1`] = `
<div>
  <h4>
    WELCOME TO OUR PAGE
  </h4>
  <h1
    className="home-p"
  >
    Math magicians is a Website that performs arithmetic operations on numbers. Math magicians can do only addition, subtraction, multiplication and division mathematical calculations.
  </h1>
</div>
`;
